$ next build
▲ Next.js 16.2.12 (Turbopack)

  Creating an optimized production build ...
✓ Compiled successfully in 20.7s
  Running TypeScript ...
  Finished TypeScript in 17.8s ...
  Collecting page data using 7 workers ...
  Generating static pages using 7 workers (0/10) ...
  Generating static pages using 7 workers (2/10)
  Generating static pages using 7 workers (4/10)
  Generating static pages using 7 workers (7/10)
✓ Generating static pages using 7 workers (10/10) in 578ms
  Finalizing page optimization ...

Route (app)
┌ ○ /
├ ○ /_not-found
├ ƒ /api/analyze
├ ƒ /api/auth/[...nextauth]
├ ƒ /api/browser-extension/captures
├ ƒ /api/browser-extension/captures/[requestId]
├ ƒ /api/browser-extension/session
├ ƒ /api/local-integration/actions/[actionId]/approval
├ ƒ /api/local-integration/actions/[actionId]/execution
├ ƒ /api/local-integration/assertions/[assertionId]/decisions
├ ƒ /api/local-integration/workspace
├ ƒ /demo
├ ○ /icon
├ ƒ /login
├ ○ /manifest.webmanifest
├ ○ /opengraph-image
├ ○ /privacy
├ ○ /robots.txt
├ ○ /sitemap.xml
└ ƒ /workspace


○  (Static)   prerendered as static content
ƒ  (Dynamic)  server-rendered on demand
